/Users/ssp/Desktop/snapdev-apps/elegant-lynx-play/.venv/lib/python3.9/site-packages/urllib3/__init__.py:35: NotOpenSSLWarning: urllib3 v2 only supports OpenSSL 1.1.1+, currently the 'ssl' module is compiled with 'LibreSSL 2.8.3'. See: https://github.com/urllib3/urllib3/issues/3020
  warnings.warn(
✓ Successfully connected to MongoDB

=== STEP 1: Creating CNN-Based Street Segments ===
Fetching dataset 3psu-pn9h...
Successfully fetched 17162 records from 3psu-pn9h.
  Inserted streets 0 to 1000
  Inserted streets 1000 to 2000
  Inserted streets 2000 to 3000
  Inserted streets 3000 to 4000
  Inserted streets 4000 to 5000
  Inserted streets 5000 to 6000
  Inserted streets 6000 to 7000
  Inserted streets 7000 to 8000
  Inserted streets 8000 to 9000
  Inserted streets 9000 to 10000
  Inserted streets 10000 to 11000
  Inserted streets 11000 to 12000
  Inserted streets 12000 to 13000
  Inserted streets 13000 to 14000
  Inserted streets 14000 to 15000
  Inserted streets 15000 to 16000
  Inserted streets 16000 to 17000
  Inserted streets 17000 to 17162
✓ Saved 17162 streets to raw collection.
✓ Created 34324 street segments (2 per CNN)
  - 17162 CNNs × 2 sides = 34324 segments

=== STEP 2: Adding Blockface Geometries (where available) ===
Fetching dataset pep9-66vw...
Successfully fetched 18355 records from pep9-66vw.
✓ Added 1874 blockface geometries to segments

=== STEP 2.5: Generating Synthetic Blockfaces for Missing Geometries ===
✓ Generated 32450 synthetic blockface geometries

=== STEP 3: Matching Parking Regulations (Non-Metered Parking Availability) ===
Fetching dataset hi6h-neyh...
Successfully fetched 7783 records from hi6h-neyh.
  Inserted parking regulations 0 to 1000
  Inserted parking regulations 1000 to 2000
  Inserted parking regulations 2000 to 3000
  Inserted parking regulations 3000 to 4000
  Inserted parking regulations 4000 to 5000
  Inserted parking regulations 5000 to 6000
  Inserted parking regulations 6000 to 7000
  Inserted parking regulations 7000 to 7783
✓ Saved 7783 parking regulations to raw collection.
Processing 7783 parking regulations...
  Building supervisor_district index...
  ✓ Indexed 11 districts, 280 segments without district
  Progress: 500/7783 regulations processed (6.4%)
  Progress: 1000/7783 regulations processed (12.8%)
  Progress: 1500/7783 regulations processed (19.3%)
  Progress: 2000/7783 regulations processed (25.7%)
  Progress: 2500/7783 regulations processed (32.1%)
  Progress: 3000/7783 regulations processed (38.5%)
  Progress: 3500/7783 regulations processed (45.0%)
  Progress: 4000/7783 regulations processed (51.4%)
  Progress: 4500/7783 regulations processed (57.8%)
  Progress: 5000/7783 regulations processed (64.2%)
  Progress: 5500/7783 regulations processed (70.7%)
  Progress: 6000/7783 regulations processed (77.1%)
  Progress: 6500/7783 regulations processed (83.5%)
  Progress: 7000/7783 regulations processed (89.9%)
  Progress: 7500/7783 regulations processed (96.4%)
  Skipped 9 regulations without geometry
  Object IDs (no geometry): 1551, 2303, 2353, 3295, 3948, 3561, 3949, 17287, 3947
  Skipped 3 regulations with no segment match
  Object IDs (no match): 4973, 64, 2191
  ✓ Saved skipped regulation IDs to skipped_regulation_ids.txt
✓ Matched 7712 parking regulations

=== STEP 4: Matching Parking Meters (Metered Parking Availability) ===
Fetching dataset 6cqg-dxku...
Successfully fetched 72365 records from 6cqg-dxku.
✓ Loaded 29371 meter schedules
Building blockface_id → (CNN, side) lookup from metered blockfaces...
Fetching dataset mk27-a5x2...
Successfully fetched 3131 records from mk27-a5x2.
✓ Built lookup table with 3131 metered blockface mappings
Fetching dataset 8vzz-qzz9...
Error fetching dataset 8vzz-qzz9: HTTPSConnectionPool(host='data.sfgov.org', port=443): Read timed out. (read timeout=10)

✓ Meter Matching Complete!
  Total meters processed: 0
  Matched by blockface_id: 0 (0.0%)
  Matched by CNN+address fallback: 0 (0.0%)
  Failed to match: 0 (0.0%)
  Success rate: 0.0%

=== STEP 5: Matching Street Sweeping Schedules (Absolute Prohibition) ===
Fetching dataset yhqp-riqs...
Successfully fetched 37878 records from yhqp-riqs.
  Inserted street cleaning schedules 0 to 1000
  Inserted street cleaning schedules 1000 to 2000
  Inserted street cleaning schedules 2000 to 3000
  Inserted street cleaning schedules 3000 to 4000
  Inserted street cleaning schedules 4000 to 5000
  Inserted street cleaning schedules 5000 to 6000
  Inserted street cleaning schedules 6000 to 7000
  Inserted street cleaning schedules 7000 to 8000
  Inserted street cleaning schedules 8000 to 9000
  Inserted street cleaning schedules 9000 to 10000
  Inserted street cleaning schedules 10000 to 11000
  Inserted street cleaning schedules 11000 to 12000
  Inserted street cleaning schedules 12000 to 13000
  Inserted street cleaning schedules 13000 to 14000
  Inserted street cleaning schedules 14000 to 15000
  Inserted street cleaning schedules 15000 to 16000
  Inserted street cleaning schedules 16000 to 17000
  Inserted street cleaning schedules 17000 to 18000
  Inserted street cleaning schedules 18000 to 19000
  Inserted street cleaning schedules 19000 to 20000
  Inserted street cleaning schedules 20000 to 21000
  Inserted street cleaning schedules 21000 to 22000
  Inserted street cleaning schedules 22000 to 23000
  Inserted street cleaning schedules 23000 to 24000
  Inserted street cleaning schedules 24000 to 25000
  Inserted street cleaning schedules 25000 to 26000
  Inserted street cleaning schedules 26000 to 27000
  Inserted street cleaning schedules 27000 to 28000
  Inserted street cleaning schedules 28000 to 29000
  Inserted street cleaning schedules 29000 to 30000
  Inserted street cleaning schedules 30000 to 31000
  Inserted street cleaning schedules 31000 to 32000
  Inserted street cleaning schedules 32000 to 33000
  Inserted street cleaning schedules 33000 to 34000
  Inserted street cleaning schedules 34000 to 35000
  Inserted street cleaning schedules 35000 to 36000
  Inserted street cleaning schedules 36000 to 37000
  Inserted street cleaning schedules 37000 to 37878
✓ Saved 37878 street cleaning schedules to raw collection.
✓ Matched 37878 street sweeping schedules

=== STEP 5.4: Applying Manual Data Overrides ===

=== Applying 1 Manual Data Overrides ===
  ⚠ Override '19th-st-r-2700-2798' did not match any segments

✓ Applied 0 overrides (1 not matched)

=== STEP 5.5: Finalizing Segments ===

=== STEP 5.6: Aggregating Blockface Meter Rules ===
✓ Aggregated meter rules for 0 metered segments
  - Segments with TOW schedules: 0
  - Segments commercial-only: 0
  - Segments standard parking: 0

=== STEP 5.7: Finalizing Cardinal Direction ===

=== STEP 6: Saving Street Segments to Database ===
Fetching dataset vd6w-dq8r...
Successfully fetched 9719 records from vd6w-dq8r.
Traceback (most recent call last):
  File "/Users/ssp/Desktop/snapdev-apps/elegant-lynx-play/backend/ingest_data_cnn_segments.py", line 1114, in <module>
    asyncio.run(main())
  File "/Library/Developer/CommandLineTools/Library/Frameworks/Python3.framework/Versions/3.9/lib/python3.9/asyncio/runners.py", line 44, in run
    return loop.run_until_complete(main)
  File "/Library/Developer/CommandLineTools/Library/Frameworks/Python3.framework/Versions/3.9/lib/python3.9/asyncio/base_events.py", line 642, in run_until_complete
    return future.result()
  File "/Users/ssp/Desktop/snapdev-apps/elegant-lynx-play/backend/ingest_data_cnn_segments.py", line 1023, in main
    await db.street_nodes.delete_many({})
  File "/Library/Developer/CommandLineTools/Library/Frameworks/Python3.framework/Versions/3.9/lib/python3.9/concurrent/futures/thread.py", line 52, in run
    result = self.fn(*self.args, **self.kwargs)
  File "/Users/ssp/Desktop/snapdev-apps/elegant-lynx-play/.venv/lib/python3.9/site-packages/pymongo/synchronous/collection.py", line 1711, in delete_many
    self._delete_retryable(
  File "/Users/ssp/Desktop/snapdev-apps/elegant-lynx-play/.venv/lib/python3.9/site-packages/pymongo/synchronous/collection.py", line 1587, in _delete_retryable
    return self._database.client._retryable_write(
  File "/Users/ssp/Desktop/snapdev-apps/elegant-lynx-play/.venv/lib/python3.9/site-packages/pymongo/synchronous/mongo_client.py", line 2082, in _retryable_write
    return self._retry_with_session(retryable, func, s, bulk, operation, operation_id)
  File "/Users/ssp/Desktop/snapdev-apps/elegant-lynx-play/.venv/lib/python3.9/site-packages/pymongo/synchronous/mongo_client.py", line 1968, in _retry_with_session
    return self._retry_internal(
  File "/Users/ssp/Desktop/snapdev-apps/elegant-lynx-play/.venv/lib/python3.9/site-packages/pymongo/_csot.py", line 125, in csot_wrapper
    return func(self, *args, **kwargs)
  File "/Users/ssp/Desktop/snapdev-apps/elegant-lynx-play/.venv/lib/python3.9/site-packages/pymongo/synchronous/mongo_client.py", line 2003, in _retry_internal
    return _ClientConnectionRetryable(
  File "/Users/ssp/Desktop/snapdev-apps/elegant-lynx-play/.venv/lib/python3.9/site-packages/pymongo/synchronous/mongo_client.py", line 2765, in run
    return self._read() if self._is_read else self._write()
  File "/Users/ssp/Desktop/snapdev-apps/elegant-lynx-play/.venv/lib/python3.9/site-packages/pymongo/synchronous/mongo_client.py", line 2897, in _write
    return self._func(self._session, conn, self._retryable)  # type: ignore
  File "/Users/ssp/Desktop/snapdev-apps/elegant-lynx-play/.venv/lib/python3.9/site-packages/pymongo/synchronous/collection.py", line 1572, in _delete
    return self._delete(
  File "/Users/ssp/Desktop/snapdev-apps/elegant-lynx-play/.venv/lib/python3.9/site-packages/pymongo/synchronous/collection.py", line 1542, in _delete
    result = conn.command(
  File "/Users/ssp/Desktop/snapdev-apps/elegant-lynx-play/.venv/lib/python3.9/site-packages/pymongo/synchronous/helpers.py", line 47, in inner
    return func(*args, **kwargs)
  File "/Users/ssp/Desktop/snapdev-apps/elegant-lynx-play/.venv/lib/python3.9/site-packages/pymongo/synchronous/pool.py", line 441, in command
    self._raise_connection_failure(error)
  File "/Users/ssp/Desktop/snapdev-apps/elegant-lynx-play/.venv/lib/python3.9/site-packages/pymongo/synchronous/pool.py", line 413, in command
    return command(
  File "/Users/ssp/Desktop/snapdev-apps/elegant-lynx-play/.venv/lib/python3.9/site-packages/pymongo/synchronous/network.py", line 198, in command
    reply = receive_message(conn, request_id)
  File "/Users/ssp/Desktop/snapdev-apps/elegant-lynx-play/.venv/lib/python3.9/site-packages/pymongo/network_layer.py", line 759, in receive_message
    length, _, response_to, op_code = _UNPACK_HEADER(receive_data(conn, 16, deadline))
  File "/Users/ssp/Desktop/snapdev-apps/elegant-lynx-play/.venv/lib/python3.9/site-packages/pymongo/network_layer.py", line 361, in receive_data
    raise _OperationCancelled("operation cancelled") from None
pymongo.errors._OperationCancelled: operation cancelled
